\set ECHO none
 created logical replication slot

 visible

 invisible

 non-transactional

 transactional

 non-transactional

 { "prefix": "sent first", "message": "#1", "transactional": false }
 { "prefix": "sent third", "message": "#2", "transactional": false }
 { "prefix": "sent fifth", "message": "#3", "transactional": false }
 { "prefix": "sent fourth", "message": "#4", "transactional": true }

 deleted logical replication slot

